{"timestamp":"2026-09-13T21:01:06.303621Z","level":"info","event":"DAG bundles loaded: dags-folder, example_dags","logger":"airflow.dag_processing.bundles.manager.DagBundlesManager","filename":"manager.py","lineno":179}
{"timestamp":"2026-09-13T21:01:06.306089Z","level":"info","event":"Filling up the DagBag from /opt/airflow/dags/hugo_province_excel.py","logger":"airflow.models.dagbag.DagBag","filename":"dagbag.py","lineno":593}
{"timestamp":"2026-09-13T21:01:06.466339Z","level":"warning","event":"The `airflow.decorators.task` attribute is deprecated. Please use `'airflow.sdk.task'`.","category":"DeprecatedImportWarning","filename":"/opt/airflow/dags/hugo_province_excel.py","lineno":8,"logger":"py.warnings"}
{"timestamp":"2026-09-13T21:01:06.516011Z","level":"info","event":"Task instance is in running state","logger":"task.stdout"}
{"timestamp":"2026-09-13T21:01:06.517637Z","level":"info","event":" Previous state of the Task instance: TaskInstanceState.QUEUED","logger":"task.stdout"}
{"timestamp":"2026-09-13T21:01:06.522696Z","level":"info","event":"Current task name:load_province_excel","logger":"task.stdout"}
{"timestamp":"2026-09-13T21:01:06.524411Z","level":"info","event":"Dag name:hugo_province_excel","logger":"task.stdout"}
{"timestamp":"2026-09-13T21:01:07.273603Z","level":"info","event":"Read 13 rows from /opt/airflow/data/excel/Province.xlsx","logger":"task.stdout"}
{"timestamp":"2026-09-13T21:01:07.282797Z","level":"info","event":"                 Province ProvinceCode","logger":"task.stdout"}
{"timestamp":"2026-09-13T21:01:07.287144Z","level":"info","event":"                  Alberta           AB","logger":"task.stdout"}
{"timestamp":"2026-09-13T21:01:07.288291Z","level":"info","event":"         British Columbia           BC","logger":"task.stdout"}
{"timestamp":"2026-09-13T21:01:07.300876Z","level":"info","event":"                 Manitoba           MB","logger":"task.stdout"}
{"timestamp":"2026-09-13T21:01:07.303183Z","level":"info","event":"            New Brunswick           NB","logger":"task.stdout"}
{"timestamp":"2026-09-13T21:01:07.304822Z","level":"info","event":"Newfoundland and Labrador           NL","logger":"task.stdout"}
{"timestamp":"2026-09-13T21:01:07.306563Z","level":"info","event":"    Northwest Territories           NT","logger":"task.stdout"}
{"timestamp":"2026-09-13T21:01:07.307669Z","level":"info","event":"              Nova Scotia           NS","logger":"task.stdout"}
{"timestamp":"2026-09-13T21:01:07.308956Z","level":"info","event":"                  Nunavut           NU","logger":"task.stdout"}
{"timestamp":"2026-09-13T21:01:07.310143Z","level":"info","event":"                  Ontario           ON","logger":"task.stdout"}
{"timestamp":"2026-09-13T21:01:07.314121Z","level":"info","event":"     Prince Edward Island           PE","logger":"task.stdout"}
{"timestamp":"2026-09-13T21:01:07.315629Z","level":"info","event":"                   Quebec           QC","logger":"task.stdout"}
{"timestamp":"2026-09-13T21:01:07.316756Z","level":"info","event":"             Saskatchewan           SK","logger":"task.stdout"}
{"timestamp":"2026-09-13T21:01:07.317590Z","level":"info","event":"                    Yukon           YT","logger":"task.stdout"}
{"timestamp":"2026-09-13T21:01:07.573511Z","level":"info","event":"Successfully inserted 13 rows into dbo.Province","logger":"task.stdout"}
{"timestamp":"2026-09-13T21:01:07.574490Z","level":"info","event":"Done. Returned value was: None","logger":"airflow.task.operators.airflow.providers.standard.decorators.python._PythonDecoratedOperator","filename":"python.py","lineno":215}
{"timestamp":"2026-09-13T21:01:07.640400Z","level":"info","event":"Task instance in success state","logger":"task.stdout"}
{"timestamp":"2026-09-13T21:01:07.641764Z","level":"info","event":" Previous state of the Task instance: TaskInstanceState.RUNNING","logger":"task.stdout"}
{"timestamp":"2026-09-13T21:01:07.642839Z","level":"info","event":"Task operator:<Task(_PythonDecoratedOperator): load_province_excel>","logger":"task.stdout"}
