{"timestamp":"2026-09-13T21:00:11.165417Z","level":"info","event":"DAG bundles loaded: dags-folder, example_dags","logger":"airflow.dag_processing.bundles.manager.DagBundlesManager","filename":"manager.py","lineno":179}
{"timestamp":"2026-09-13T21:00:11.166873Z","level":"info","event":"Filling up the DagBag from /opt/airflow/dags/hugo_province_csv.py","logger":"airflow.models.dagbag.DagBag","filename":"dagbag.py","lineno":593}
{"timestamp":"2026-09-13T21:00:11.250475Z","level":"warning","event":"The `airflow.decorators.task` attribute is deprecated. Please use `'airflow.sdk.task'`.","category":"DeprecatedImportWarning","filename":"/opt/airflow/dags/hugo_province_csv.py","lineno":8,"logger":"py.warnings"}
{"timestamp":"2026-09-13T21:00:11.277454Z","level":"info","event":"Task instance is in running state","logger":"task.stdout"}
{"timestamp":"2026-09-13T21:00:11.278470Z","level":"info","event":" Previous state of the Task instance: TaskInstanceState.QUEUED","logger":"task.stdout"}
{"timestamp":"2026-09-13T21:00:11.279509Z","level":"info","event":"Current task name:load_province_csv","logger":"task.stdout"}
{"timestamp":"2026-09-13T21:00:11.280760Z","level":"info","event":"Dag name:hugo_province_csv","logger":"task.stdout"}
{"timestamp":"2026-09-13T21:00:11.314782Z","level":"info","event":"Read 13 rows from /opt/airflow/data/csv/Province.csv","logger":"task.stdout"}
{"timestamp":"2026-09-13T21:00:11.319639Z","level":"info","event":"                 Province ProvinceCode","logger":"task.stdout"}
{"timestamp":"2026-09-13T21:00:11.321816Z","level":"info","event":"                  Alberta           AB","logger":"task.stdout"}
{"timestamp":"2026-09-13T21:00:11.324033Z","level":"info","event":"         British Columbia           BC","logger":"task.stdout"}
{"timestamp":"2026-09-13T21:00:11.325080Z","level":"info","event":"                 Manitoba           MB","logger":"task.stdout"}
{"timestamp":"2026-09-13T21:00:11.326013Z","level":"info","event":"            New Brunswick           NB","logger":"task.stdout"}
{"timestamp":"2026-09-13T21:00:11.326805Z","level":"info","event":"Newfoundland and Labrador           NL","logger":"task.stdout"}
{"timestamp":"2026-09-13T21:00:11.327786Z","level":"info","event":"    Northwest Territories           NT","logger":"task.stdout"}
{"timestamp":"2026-09-13T21:00:11.328997Z","level":"info","event":"              Nova Scotia           NS","logger":"task.stdout"}
{"timestamp":"2026-09-13T21:00:11.330261Z","level":"info","event":"                  Nunavut           NU","logger":"task.stdout"}
{"timestamp":"2026-09-13T21:00:11.331501Z","level":"info","event":"                  Ontario           ON","logger":"task.stdout"}
{"timestamp":"2026-09-13T21:00:11.332443Z","level":"info","event":"     Prince Edward Island           PE","logger":"task.stdout"}
{"timestamp":"2026-09-13T21:00:11.333566Z","level":"info","event":"                   Quebec           QC","logger":"task.stdout"}
{"timestamp":"2026-09-13T21:00:11.334761Z","level":"info","event":"             Saskatchewan           SK","logger":"task.stdout"}
{"timestamp":"2026-09-13T21:00:11.335818Z","level":"info","event":"                    Yukon           YT","logger":"task.stdout"}
{"timestamp":"2026-09-13T21:00:11.665844Z","level":"info","event":"Successfully inserted 13 rows into dbo.Province","logger":"task.stdout"}
{"timestamp":"2026-09-13T21:00:11.666790Z","level":"info","event":"Done. Returned value was: None","logger":"airflow.task.operators.airflow.providers.standard.decorators.python._PythonDecoratedOperator","filename":"python.py","lineno":215}
{"timestamp":"2026-09-13T21:00:11.766512Z","level":"info","event":"Task instance in success state","logger":"task.stdout"}
{"timestamp":"2026-09-13T21:00:11.767546Z","level":"info","event":" Previous state of the Task instance: TaskInstanceState.RUNNING","logger":"task.stdout"}
{"timestamp":"2026-09-13T21:00:11.768726Z","level":"info","event":"Task operator:<Task(_PythonDecoratedOperator): load_province_csv>","logger":"task.stdout"}
