{"timestamp":"2026-09-13T21:01:06.269043Z","level":"info","event":"DAG bundles loaded: dags-folder, example_dags","logger":"airflow.dag_processing.bundles.manager.DagBundlesManager","filename":"manager.py","lineno":179}
{"timestamp":"2026-09-13T21:01:06.274035Z","level":"info","event":"Filling up the DagBag from /opt/airflow/dags/hugo_province_excel.py","logger":"airflow.models.dagbag.DagBag","filename":"dagbag.py","lineno":593}
{"timestamp":"2026-09-13T21:01:06.436212Z","level":"warning","event":"The `airflow.decorators.task` attribute is deprecated. Please use `'airflow.sdk.task'`.","category":"DeprecatedImportWarning","filename":"/opt/airflow/dags/hugo_province_excel.py","lineno":8,"logger":"py.warnings"}
{"timestamp":"2026-09-13T21:01:06.487647Z","level":"info","event":"Task instance is in running state","logger":"task.stdout"}
{"timestamp":"2026-09-13T21:01:06.495748Z","level":"info","event":" Previous state of the Task instance: TaskInstanceState.QUEUED","logger":"task.stdout"}
{"timestamp":"2026-09-13T21:01:06.497279Z","level":"info","event":"Current task name:load_province_excel","logger":"task.stdout"}
{"timestamp":"2026-09-13T21:01:06.498118Z","level":"info","event":"Dag name:hugo_province_excel","logger":"task.stdout"}
{"timestamp":"2026-09-13T21:01:07.331363Z","level":"info","event":"Read 13 rows from /opt/airflow/data/excel/Province.xlsx","logger":"task.stdout"}
{"timestamp":"2026-09-13T21:01:07.333659Z","level":"info","event":"                 Province ProvinceCode","logger":"task.stdout"}
{"timestamp":"2026-09-13T21:01:07.341065Z","level":"info","event":"                  Alberta           AB","logger":"task.stdout"}
{"timestamp":"2026-09-13T21:01:07.342528Z","level":"info","event":"         British Columbia           BC","logger":"task.stdout"}
{"timestamp":"2026-09-13T21:01:07.345855Z","level":"info","event":"                 Manitoba           MB","logger":"task.stdout"}
{"timestamp":"2026-09-13T21:01:07.347207Z","level":"info","event":"            New Brunswick           NB","logger":"task.stdout"}
{"timestamp":"2026-09-13T21:01:07.348551Z","level":"info","event":"Newfoundland and Labrador           NL","logger":"task.stdout"}
{"timestamp":"2026-09-13T21:01:07.349811Z","level":"info","event":"    Northwest Territories           NT","logger":"task.stdout"}
{"timestamp":"2026-09-13T21:01:07.352307Z","level":"info","event":"              Nova Scotia           NS","logger":"task.stdout"}
{"timestamp":"2026-09-13T21:01:07.353424Z","level":"info","event":"                  Nunavut           NU","logger":"task.stdout"}
{"timestamp":"2026-09-13T21:01:07.354484Z","level":"info","event":"                  Ontario           ON","logger":"task.stdout"}
{"timestamp":"2026-09-13T21:01:07.355357Z","level":"info","event":"     Prince Edward Island           PE","logger":"task.stdout"}
{"timestamp":"2026-09-13T21:01:07.356286Z","level":"info","event":"                   Quebec           QC","logger":"task.stdout"}
{"timestamp":"2026-09-13T21:01:07.357191Z","level":"info","event":"             Saskatchewan           SK","logger":"task.stdout"}
{"timestamp":"2026-09-13T21:01:07.358533Z","level":"info","event":"                    Yukon           YT","logger":"task.stdout"}
{"timestamp":"2026-09-13T21:01:07.587981Z","level":"info","event":"Successfully inserted 13 rows into dbo.Province","logger":"task.stdout"}
{"timestamp":"2026-09-13T21:01:07.590345Z","level":"info","event":"Done. Returned value was: None","logger":"airflow.task.operators.airflow.providers.standard.decorators.python._PythonDecoratedOperator","filename":"python.py","lineno":215}
{"timestamp":"2026-09-13T21:01:07.645221Z","level":"info","event":"Task instance in success state","logger":"task.stdout"}
{"timestamp":"2026-09-13T21:01:07.648398Z","level":"info","event":" Previous state of the Task instance: TaskInstanceState.RUNNING","logger":"task.stdout"}
{"timestamp":"2026-09-13T21:01:07.649686Z","level":"info","event":"Task operator:<Task(_PythonDecoratedOperator): load_province_excel>","logger":"task.stdout"}
