{"timestamp":"2026-09-13T21:02:42.330867Z","level":"info","event":"DAG bundles loaded: dags-folder, example_dags","logger":"airflow.dag_processing.bundles.manager.DagBundlesManager","filename":"manager.py","lineno":179}
{"timestamp":"2026-09-13T21:02:42.332546Z","level":"info","event":"Filling up the DagBag from /opt/airflow/dags/hugo_province_csv.py","logger":"airflow.models.dagbag.DagBag","filename":"dagbag.py","lineno":593}
{"timestamp":"2026-09-13T21:02:42.415555Z","level":"warning","event":"The `airflow.decorators.task` attribute is deprecated. Please use `'airflow.sdk.task'`.","category":"DeprecatedImportWarning","filename":"/opt/airflow/dags/hugo_province_csv.py","lineno":8,"logger":"py.warnings"}
{"timestamp":"2026-09-13T21:02:42.441480Z","level":"info","event":"Task instance is in running state","logger":"task.stdout"}
{"timestamp":"2026-09-13T21:02:42.443047Z","level":"info","event":" Previous state of the Task instance: TaskInstanceState.QUEUED","logger":"task.stdout"}
{"timestamp":"2026-09-13T21:02:42.444863Z","level":"info","event":"Current task name:load_province_csv","logger":"task.stdout"}
{"timestamp":"2026-09-13T21:02:42.446374Z","level":"info","event":"Dag name:hugo_province_csv","logger":"task.stdout"}
{"timestamp":"2026-09-13T21:02:42.461932Z","level":"info","event":"Read 13 rows from /opt/airflow/data/csv/Province.csv","logger":"task.stdout"}
{"timestamp":"2026-09-13T21:02:42.469779Z","level":"info","event":"                 Province ProvinceCode","logger":"task.stdout"}
{"timestamp":"2026-09-13T21:02:42.471084Z","level":"info","event":"                  Alberta           AB","logger":"task.stdout"}
{"timestamp":"2026-09-13T21:02:42.472205Z","level":"info","event":"         British Columbia           BC","logger":"task.stdout"}
{"timestamp":"2026-09-13T21:02:42.473787Z","level":"info","event":"                 Manitoba           MB","logger":"task.stdout"}
{"timestamp":"2026-09-13T21:02:42.475468Z","level":"info","event":"            New Brunswick           NB","logger":"task.stdout"}
{"timestamp":"2026-09-13T21:02:42.476798Z","level":"info","event":"Newfoundland and Labrador           NL","logger":"task.stdout"}
{"timestamp":"2026-09-13T21:02:42.478098Z","level":"info","event":"    Northwest Territories           NT","logger":"task.stdout"}
{"timestamp":"2026-09-13T21:02:42.479437Z","level":"info","event":"              Nova Scotia           NS","logger":"task.stdout"}
{"timestamp":"2026-09-13T21:02:42.480578Z","level":"info","event":"                  Nunavut           NU","logger":"task.stdout"}
{"timestamp":"2026-09-13T21:02:42.481832Z","level":"info","event":"                  Ontario           ON","logger":"task.stdout"}
{"timestamp":"2026-09-13T21:02:42.482937Z","level":"info","event":"     Prince Edward Island           PE","logger":"task.stdout"}
{"timestamp":"2026-09-13T21:02:42.484136Z","level":"info","event":"                   Quebec           QC","logger":"task.stdout"}
{"timestamp":"2026-09-13T21:02:42.485288Z","level":"info","event":"             Saskatchewan           SK","logger":"task.stdout"}
{"timestamp":"2026-09-13T21:02:42.486409Z","level":"info","event":"                    Yukon           YT","logger":"task.stdout"}
{"timestamp":"2026-09-13T21:02:42.681472Z","level":"info","event":"Successfully inserted 13 rows into dbo.Province","logger":"task.stdout"}
{"timestamp":"2026-09-13T21:02:42.682541Z","level":"info","event":"Done. Returned value was: None","logger":"airflow.task.operators.airflow.providers.standard.decorators.python._PythonDecoratedOperator","filename":"python.py","lineno":215}
{"timestamp":"2026-09-13T21:02:42.714448Z","level":"info","event":"Task instance in success state","logger":"task.stdout"}
{"timestamp":"2026-09-13T21:02:42.727983Z","level":"info","event":" Previous state of the Task instance: TaskInstanceState.RUNNING","logger":"task.stdout"}
{"timestamp":"2026-09-13T21:02:42.729647Z","level":"info","event":"Task operator:<Task(_PythonDecoratedOperator): load_province_csv>","logger":"task.stdout"}
