{"timestamp":"2026-09-13T21:01:27.466807Z","level":"info","event":"DAG bundles loaded: dags-folder, example_dags","logger":"airflow.dag_processing.bundles.manager.DagBundlesManager","filename":"manager.py","lineno":179}
{"timestamp":"2026-09-13T21:01:27.468551Z","level":"info","event":"Filling up the DagBag from /opt/airflow/dags/hugo_province_excel.py","logger":"airflow.models.dagbag.DagBag","filename":"dagbag.py","lineno":593}
{"timestamp":"2026-09-13T21:01:27.560182Z","level":"warning","event":"The `airflow.decorators.task` attribute is deprecated. Please use `'airflow.sdk.task'`.","category":"DeprecatedImportWarning","filename":"/opt/airflow/dags/hugo_province_excel.py","lineno":8,"logger":"py.warnings"}
{"timestamp":"2026-09-13T21:01:27.589433Z","level":"info","event":"Task instance is in running state","logger":"task.stdout"}
{"timestamp":"2026-09-13T21:01:27.590583Z","level":"info","event":" Previous state of the Task instance: TaskInstanceState.QUEUED","logger":"task.stdout"}
{"timestamp":"2026-09-13T21:01:27.591582Z","level":"info","event":"Current task name:load_province_excel","logger":"task.stdout"}
{"timestamp":"2026-09-13T21:01:27.592399Z","level":"info","event":"Dag name:hugo_province_excel","logger":"task.stdout"}
{"timestamp":"2026-09-13T21:01:27.823473Z","level":"info","event":"Read 13 rows from /opt/airflow/data/excel/Province.xlsx","logger":"task.stdout"}
{"timestamp":"2026-09-13T21:01:27.826585Z","level":"info","event":"                 Province ProvinceCode","logger":"task.stdout"}
{"timestamp":"2026-09-13T21:01:27.827943Z","level":"info","event":"                  Alberta           AB","logger":"task.stdout"}
{"timestamp":"2026-09-13T21:01:27.829431Z","level":"info","event":"         British Columbia           BC","logger":"task.stdout"}
{"timestamp":"2026-09-13T21:01:27.830751Z","level":"info","event":"                 Manitoba           MB","logger":"task.stdout"}
{"timestamp":"2026-09-13T21:01:27.833590Z","level":"info","event":"            New Brunswick           NB","logger":"task.stdout"}
{"timestamp":"2026-09-13T21:01:27.834966Z","level":"info","event":"Newfoundland and Labrador           NL","logger":"task.stdout"}
{"timestamp":"2026-09-13T21:01:27.836146Z","level":"info","event":"    Northwest Territories           NT","logger":"task.stdout"}
{"timestamp":"2026-09-13T21:01:27.837422Z","level":"info","event":"              Nova Scotia           NS","logger":"task.stdout"}
{"timestamp":"2026-09-13T21:01:27.838531Z","level":"info","event":"                  Nunavut           NU","logger":"task.stdout"}
{"timestamp":"2026-09-13T21:01:27.839578Z","level":"info","event":"                  Ontario           ON","logger":"task.stdout"}
{"timestamp":"2026-09-13T21:01:27.840725Z","level":"info","event":"     Prince Edward Island           PE","logger":"task.stdout"}
{"timestamp":"2026-09-13T21:01:27.841785Z","level":"info","event":"                   Quebec           QC","logger":"task.stdout"}
{"timestamp":"2026-09-13T21:01:27.842969Z","level":"info","event":"             Saskatchewan           SK","logger":"task.stdout"}
{"timestamp":"2026-09-13T21:01:27.843680Z","level":"info","event":"                    Yukon           YT","logger":"task.stdout"}
{"timestamp":"2026-09-13T21:01:28.030036Z","level":"info","event":"Successfully inserted 13 rows into dbo.Province","logger":"task.stdout"}
{"timestamp":"2026-09-13T21:01:28.031441Z","level":"info","event":"Done. Returned value was: None","logger":"airflow.task.operators.airflow.providers.standard.decorators.python._PythonDecoratedOperator","filename":"python.py","lineno":215}
{"timestamp":"2026-09-13T21:01:28.063423Z","level":"info","event":"Task instance in success state","logger":"task.stdout"}
{"timestamp":"2026-09-13T21:01:28.067966Z","level":"info","event":" Previous state of the Task instance: TaskInstanceState.RUNNING","logger":"task.stdout"}
{"timestamp":"2026-09-13T21:01:28.070446Z","level":"info","event":"Task operator:<Task(_PythonDecoratedOperator): load_province_excel>","logger":"task.stdout"}
